C:/Users/pele/Documents/GitHub/ObjectDet/Middlewares/lib_vision_models_pp/lib_vision_models_pp/Src/od_pp_yolov5.c:19:9:yolov5_nms_comparator	88	static
C:/Users/pele/Documents/GitHub/ObjectDet/Middlewares/lib_vision_models_pp/lib_vision_models_pp/Src/od_pp_yolov5.c:54:9:yolov5_pp_nmsFiltering_centroid	56	static
C:/Users/pele/Documents/GitHub/ObjectDet/Middlewares/lib_vision_models_pp/lib_vision_models_pp/Src/od_pp_yolov5.c:116:9:yolov5_pp_scoreFiltering_centroid	24	static
C:/Users/pele/Documents/GitHub/ObjectDet/Middlewares/lib_vision_models_pp/lib_vision_models_pp/Src/od_pp_yolov5.c:140:9:yolov5_pp_getNNBoxes_centroid	64	static
C:/Users/pele/Documents/GitHub/ObjectDet/Middlewares/lib_vision_models_pp/lib_vision_models_pp/Src/od_pp_yolov5.c:183:9:yolov5_pp_getNNBoxes_centroid_uint8	64	static
C:/Users/pele/Documents/GitHub/ObjectDet/Middlewares/lib_vision_models_pp/lib_vision_models_pp/Src/od_pp_yolov5.c:237:9:od_yolov5_pp_reset	16	static
C:/Users/pele/Documents/GitHub/ObjectDet/Middlewares/lib_vision_models_pp/lib_vision_models_pp/Src/od_pp_yolov5.c:246:9:od_yolov5_pp_process	32	static
C:/Users/pele/Documents/GitHub/ObjectDet/Middlewares/lib_vision_models_pp/lib_vision_models_pp/Src/od_pp_yolov5.c:271:9:od_yolov5_pp_process_uint8	32	static
