../../STM32Cube_FW_N6/Drivers/STM32N6xx_HAL_Driver/Inc/stm32n6xx_ll_bus.h:679:22:LL_MEM_EnableClock	1
../../STM32Cube_FW_N6/Drivers/STM32N6xx_HAL_Driver/Inc/stm32n6xx_ll_bus.h:785:22:LL_MEM_EnableClockLowPower	1
../../STM32Cube_FW_N6/Drivers/STM32N6xx_HAL_Driver/Inc/stm32n6xx_ll_bus.h:2065:22:LL_AHB5_GRP1_EnableClockLowPower	1
C:/Users/pele/Documents/GitHub/ObjectDet/Src/main.c:513:13:SystemClock_Config	4
C:/Users/pele/Documents/GitHub/ObjectDet/Src/main.c:143:5:main	22
C:/Users/pele/Documents/GitHub/ObjectDet/Src/main.c:360:6:IAC_IRQHandler	1
C:/Users/pele/Documents/GitHub/ObjectDet/Src/main.c:486:19:MX_DCMIPP_ClockConfig	2
C:/Users/pele/Documents/GitHub/ObjectDet/Src/main.c:618:6:HAL_CACHEAXI_MspInit	1
C:/Users/pele/Documents/GitHub/ObjectDet/Src/main.c:626:6:HAL_CACHEAXI_MspDeInit	1
C:/Users/pele/Documents/GitHub/ObjectDet/Src/main.c:642:6:assert_failed	1
