../../STM32Cube_FW_N6/Drivers/STM32N6xx_HAL_Driver/Inc/stm32n6xx_ll_bus.h:679:22:LL_MEM_EnableClock	1
../../STM32Cube_FW_N6/Drivers/STM32N6xx_HAL_Driver/Inc/stm32n6xx_ll_bus.h:751:22:LL_MEM_DisableClock	1
../../STM32Cube_FW_N6/Drivers/STM32N6xx_HAL_Driver/Inc/stm32n6xx_ll_bus.h:785:22:LL_MEM_EnableClockLowPower	1
../../STM32Cube_FW_N6/Drivers/STM32N6xx_HAL_Driver/Inc/stm32n6xx_ll_bus.h:1009:22:LL_AHB2_GRP1_EnableClock	1
../../STM32Cube_FW_N6/Drivers/STM32N6xx_HAL_Driver/Inc/stm32n6xx_ll_bus.h:1165:22:LL_AHB3_GRP1_EnableClock	1
../../STM32Cube_FW_N6/Drivers/STM32N6xx_HAL_Driver/Inc/stm32n6xx_ll_bus.h:1249:22:LL_AHB3_GRP1_ForceReset	1
../../STM32Cube_FW_N6/Drivers/STM32N6xx_HAL_Driver/Inc/stm32n6xx_ll_bus.h:1273:22:LL_AHB3_GRP1_ReleaseReset	1
../../STM32Cube_FW_N6/Drivers/STM32N6xx_HAL_Driver/Inc/stm32n6xx_ll_bus.h:1755:22:LL_AHB5_GRP1_EnableClock	1
../../STM32Cube_FW_N6/Drivers/STM32N6xx_HAL_Driver/Inc/stm32n6xx_ll_bus.h:1891:22:LL_AHB5_GRP1_DisableClock	1
../../STM32Cube_FW_N6/Drivers/STM32N6xx_HAL_Driver/Inc/stm32n6xx_ll_bus.h:1945:22:LL_AHB5_GRP1_ForceReset	1
../../STM32Cube_FW_N6/Drivers/STM32N6xx_HAL_Driver/Inc/stm32n6xx_ll_bus.h:1999:22:LL_AHB5_GRP1_ReleaseReset	1
../../STM32Cube_FW_N6/Drivers/STM32N6xx_HAL_Driver/Inc/stm32n6xx_ll_bus.h:2065:22:LL_AHB5_GRP1_EnableClockLowPower	1
../../STM32Cube_FW_N6/Drivers/STM32N6xx_HAL_Driver/Inc/stm32n6xx_ll_bus.h:3743:22:LL_APB5_GRP1_EnableClockLowPower	1
../../STM32Cube_FW_N6/Drivers/STM32N6xx_HAL_Driver/Inc/stm32n6xx_ll_rcc.h:2305:22:LL_RCC_SetCpuClkSource	1
../../STM32Cube_FW_N6/Drivers/STM32N6xx_HAL_Driver/Inc/stm32n6xx_ll_rcc.h:2334:22:LL_RCC_SetSysClkSource	1
../../Middlewares/AI_Runtime/Npu/ll_aton/ll_aton_NN_interface.h:564:32:LL_Buffer_addr_base	2
../../Middlewares/AI_Runtime/Npu/ll_aton/ll_aton_NN_interface.h:574:32:LL_Buffer_addr_start	1
../../Middlewares/AI_Runtime/Npu/ll_aton/ll_aton_NN_interface.h:589:26:LL_Buffer_len	1
C:/Users/pele/Documents/GitHub/ObjectDet/Src/main.c:143:5:main	17
C:/Users/pele/Documents/GitHub/ObjectDet/Src/main.c:276:13:NPURam_enable	1
C:/Users/pele/Documents/GitHub/ObjectDet/Src/main.c:299:13:set_clk_sleep_mode	1
C:/Users/pele/Documents/GitHub/ObjectDet/Src/main.c:325:13:NPUCache_config	1
C:/Users/pele/Documents/GitHub/ObjectDet/Src/main.c:332:13:Security_Config	1
C:/Users/pele/Documents/GitHub/ObjectDet/Src/main.c:352:13:IAC_Config	1
C:/Users/pele/Documents/GitHub/ObjectDet/Src/main.c:360:6:IAC_IRQHandler	1
C:/Users/pele/Documents/GitHub/ObjectDet/Src/main.c:373:13:Display_NetworkOutput	8
C:/Users/pele/Documents/GitHub/ObjectDet/Src/main.c:428:13:LCD_init	1
C:/Users/pele/Documents/GitHub/ObjectDet/Src/main.c:460:13:Display_WelcomeScreen	3
C:/Users/pele/Documents/GitHub/ObjectDet/Src/main.c:486:19:MX_DCMIPP_ClockConfig	3
C:/Users/pele/Documents/GitHub/ObjectDet/Src/main.c:513:13:SystemClock_Config	4
C:/Users/pele/Documents/GitHub/ObjectDet/Src/main.c:618:6:HAL_CACHEAXI_MspInit	1
C:/Users/pele/Documents/GitHub/ObjectDet/Src/main.c:626:6:HAL_CACHEAXI_MspDeInit	1
C:/Users/pele/Documents/GitHub/ObjectDet/Src/main.c:642:6:assert_failed	1
