../../STM32Cube_FW_N6/Drivers/STM32N6xx_HAL_Driver/Inc/stm32n6xx_ll_bus.h:679:22:LL_MEM_EnableClock	8	static
../../STM32Cube_FW_N6/Drivers/STM32N6xx_HAL_Driver/Inc/stm32n6xx_ll_bus.h:785:22:LL_MEM_EnableClockLowPower	8	static
../../STM32Cube_FW_N6/Drivers/STM32N6xx_HAL_Driver/Inc/stm32n6xx_ll_bus.h:2065:22:LL_AHB5_GRP1_EnableClockLowPower	8	static
C:/Users/pele/Documents/GitHub/ObjectDet/Src/main.c:508:13:SystemClock_Config	632	static
C:/Users/pele/Documents/GitHub/ObjectDet/Src/main.c:143:5:main	144	static,ignoring_inline_asm
C:/Users/pele/Documents/GitHub/ObjectDet/Src/main.c:360:6:IAC_IRQHandler	0	static
C:/Users/pele/Documents/GitHub/ObjectDet/Src/main.c:481:19:MX_DCMIPP_ClockConfig	408	static
C:/Users/pele/Documents/GitHub/ObjectDet/Src/main.c:613:6:HAL_CACHEAXI_MspInit	16	static
C:/Users/pele/Documents/GitHub/ObjectDet/Src/main.c:621:6:HAL_CACHEAXI_MspDeInit	0	static
C:/Users/pele/Documents/GitHub/ObjectDet/Src/main.c:637:6:assert_failed	0	static,ignoring_inline_asm
