../../Inc/stb_image_write.h:262:15:stbi_flip_vertically_on_write	16	static
../../Inc/stb_image_write.h:276:13:stbi__start_write_callbacks	24	static
../../Inc/stb_image_write.h:284:13:stbi__stdio_write	24	static
../../Inc/stb_image_write.h:304:14:stbiw__fopen	24	static
../../Inc/stb_image_write.h:332:12:stbi__start_write_file	24	static
../../Inc/stb_image_write.h:339:13:stbi__end_write_file	16	static
../../Inc/stb_image_write.h:349:13:stbiw__writefv	40	static
../../Inc/stb_image_write.h:378:13:stbiw__writef	28	static
../../Inc/stb_image_write.h:386:13:stbiw__write_flush	16	static
../../Inc/stb_image_write.h:394:13:stbiw__putc	16	static
../../Inc/stb_image_write.h:399:13:stbiw__write1	16	static
../../Inc/stb_image_write.h:406:13:stbiw__write3	24	static
../../Inc/stb_image_write.h:418:13:stbiw__write_pixel	40	static
../../Inc/stb_image_write.h:451:13:stbiw__write_pixels	56	static
../../Inc/stb_image_write.h:478:12:stbiw__outfile	56	static
../../Inc/stb_image_write.h:492:12:stbi_write_bmp_core	200	static
../../Inc/stb_image_write.h:512:14:stbi_write_bmp_to_func	112	static
../../Inc/stb_image_write.h:520:14:stbi_write_bmp	112	static
../../Inc/stb_image_write.h:532:12:stbi_write_tga_core	160	static
../../Inc/stb_image_write.h:611:14:stbi_write_tga_to_func	112	static
../../Inc/stb_image_write.h:619:14:stbi_write_tga	112	static
../../Inc/stb_image_write.h:639:13:stbiw__linear_to_rgbe	40	static
../../Inc/stb_image_write.h:656:13:stbiw__write_run_data	32	static
../../Inc/stb_image_write.h:664:13:stbiw__write_dump_data	32	static
../../Inc/stb_image_write.h:672:13:stbiw__write_hdr_scanline	72	static
../../Inc/stb_image_write.h:761:12:stbi_write_hdr_core	240	static
../../Inc/stb_image_write.h:787:14:stbi_write_hdr_to_func	112	static
../../Inc/stb_image_write.h:794:14:stbi_write_hdr	112	static
../../Inc/stb_image_write.h:826:14:stbiw__sbgrowf	32	static
../../Inc/stb_image_write.h:839:23:stbiw__zlib_flushf	32	static
../../Inc/stb_image_write.h:849:12:stbiw__zlib_bitrev	24	static
../../Inc/stb_image_write.h:859:21:stbiw__zlib_countm	32	static
../../Inc/stb_image_write.h:867:21:stbiw__zhash	24	static
../../Inc/stb_image_write.h:895:26:stbi_zlib_compress	104	static
../../Inc/stb_image_write.h:1024:21:stbiw__crc32	24	static
../../Inc/stb_image_write.h:1077:13:stbiw__wpcrc	24	static
../../Inc/stb_image_write.h:1083:22:stbiw__paeth	40	static
../../Inc/stb_image_write.h:1092:13:stbiw__encode_png_line	56	static
../../Inc/stb_image_write.h:1128:25:stbi_write_png_to_mem	128	static
../../Inc/stb_image_write.h:1215:14:stbi_write_png	48	static
../../Inc/stb_image_write.h:1231:14:stbi_write_png_to_func	40	static
../../Inc/stb_image_write.h:1253:13:stbiw__jpg_writeBits	40	static
../../Inc/stb_image_write.h:1270:13:stbiw__jpg_DCT	136	static
../../Inc/stb_image_write.h:1318:13:stbiw__jpg_calcBits	24	static
../../Inc/stb_image_write.h:1328:12:stbiw__jpg_processDU	384	static
../../Inc/stb_image_write.h:1398:12:stbi_write_jpg_core	4448	static
../../Inc/stb_image_write.h:1607:14:stbi_write_jpg_to_func	112	static
../../Inc/stb_image_write.h:1616:14:stbi_write_jpg	112	static
C:/Users/pele/Documents/GitHub/ObjectDet/Src/pc_stream.c:22:6:PC_STREAM_Init	8	static
C:/Users/pele/Documents/GitHub/ObjectDet/Src/pc_stream.c:42:13:mem_write	32	static
C:/Users/pele/Documents/GitHub/ObjectDet/Src/pc_stream.c:52:16:rgb565_to_gray	24	static
C:/Users/pele/Documents/GitHub/ObjectDet/Src/pc_stream.c:60:6:PC_STREAM_SendFrame	136	static
C:/Users/pele/Documents/GitHub/ObjectDet/Src/pc_stream.c:110:6:PC_STREAM_SendDetections	136	static
