../../Inc/stb_image_write.h:386:13:stbiw__write_flush	8	static
../../Inc/stb_image_write.h:394:13:stbiw__putc	16	static
../../Inc/stb_image_write.h:399:13:stbiw__write1	16	static
../../Inc/stb_image_write.h:406:13:stbiw__write3	24	static
../../Inc/stb_image_write.h:849:12:stbiw__zlib_bitrev	4	static
../../Inc/stb_image_write.h:867:21:stbiw__zhash	0	static
../../Inc/stb_image_write.h:1077:13:stbiw__wpcrc	20	static
../../Inc/stb_image_write.h:1083:22:stbiw__paeth	12	static
../../Inc/stb_image_write.h:1253:13:stbiw__jpg_writeBits	32	static
../../Inc/stb_image_write.h:1270:13:stbiw__jpg_DCT	20	static
../../Inc/stb_image_write.h:1318:13:stbiw__jpg_calcBits	0	static
../../Inc/stb_image_write.h:1328:12:stbiw__jpg_processDU	344	static
../../Inc/stb_image_write.h:349:13:stbiw__writefv	24	static
../../Inc/stb_image_write.h:284:13:stbi__stdio_write	0	static
../../Inc/stb_image_write.h:639:13:stbiw__linear_to_rgbe	32	static
../../Inc/stb_image_write.h:1092:13:stbiw__encode_png_line	56	static
C:/Users/pele/Documents/GitHub/ObjectDet/Src/pc_stream.c:42:13:mem_write	16	static
../../Inc/stb_image_write.h:1398:12:stbi_write_jpg_core.part.0	4344	static
../../Inc/stb_image_write.h:418:13:stbiw__write_pixel.constprop	32	static
../../Inc/stb_image_write.h:478:12:stbiw__outfile.constprop	64	static
../../Inc/stb_image_write.h:492:12:stbi_write_bmp_core	192	static
../../Inc/stb_image_write.h:378:13:stbiw__writef.constprop	12	static
../../Inc/stb_image_write.h:532:12:stbi_write_tga_core	152	static
../../Inc/stb_image_write.h:826:14:stbiw__sbgrowf.constprop.isra	16	static
../../Inc/stb_image_write.h:839:23:stbiw__zlib_flushf	24	static
../../Inc/stb_image_write.h:761:12:stbi_write_hdr_core	296	static
../../Inc/stb_image_write.h:262:15:stbi_flip_vertically_on_write	0	static
../../Inc/stb_image_write.h:512:14:stbi_write_bmp_to_func	112	static
../../Inc/stb_image_write.h:520:14:stbi_write_bmp	112	static
../../Inc/stb_image_write.h:611:14:stbi_write_tga_to_func	112	static
../../Inc/stb_image_write.h:619:14:stbi_write_tga	112	static
../../Inc/stb_image_write.h:787:14:stbi_write_hdr_to_func	112	static
../../Inc/stb_image_write.h:794:14:stbi_write_hdr	112	static
../../Inc/stb_image_write.h:895:26:stbi_zlib_compress	96	static
../../Inc/stb_image_write.h:1128:25:stbi_write_png_to_mem	128	static
../../Inc/stb_image_write.h:1215:14:stbi_write_png	32	static
../../Inc/stb_image_write.h:1231:14:stbi_write_png_to_func	32	static
../../Inc/stb_image_write.h:1607:14:stbi_write_jpg_to_func	120	static
../../Inc/stb_image_write.h:1616:14:stbi_write_jpg	112	static
C:/Users/pele/Documents/GitHub/ObjectDet/Src/pc_stream.c:22:6:PC_STREAM_Init	0	static
C:/Users/pele/Documents/GitHub/ObjectDet/Src/pc_stream.c:60:6:PC_STREAM_SendFrame	112	static
C:/Users/pele/Documents/GitHub/ObjectDet/Src/pc_stream.c:110:6:PC_STREAM_SendDetections	128	static
